2025-04-30 14:59:25,171 - INFO - Fetching match info from: https://www.cricbuzz.com/cricket-series/9237/indian-premier-league-2025/matches
2025-04-30 14:59:25,500 - INFO - Found 74 match containers.
2025-04-30 14:59:25,504 - INFO - Successfully extracted info for 70 matches.
2025-04-30 14:59:25,559 - INFO - Saving match info to CSV file: cricbuzz_matches.csv
2025-04-30 14:59:25,561 - INFO - Successfully saved match info to cricbuzz_matches.csv
2025-04-30 15:00:37,073 - INFO - Fetching match info from: https://www.cricbuzz.com/cricket-series/9237/indian-premier-league-2025/matches
2025-04-30 15:00:37,451 - INFO - Found 74 match containers.
2025-04-30 15:00:37,451 - INFO - Extracted and stored match info: Link=https://www.cricbuzz.com/cricket-scores/114960/kkr-vs-rcb-1st-match-indian-premier-league-2025, Location=Eden Gardens, Kolkata, Date=2025-03-22
2025-04-30 15:00:37,452 - INFO - Extracted and stored match info: Link=https://www.cricbuzz.com/cricket-scores/114967/srh-vs-rr-2nd-match-indian-premier-league-2025, Location=Rajiv Gandhi International Stadium, Hyderabad, Date=2025-03-23
2025-04-30 15:00:37,453 - INFO - Extracted and stored match info: Link=https://www.cricbuzz.com/cricket-scores/114976/mi-vs-csk-3rd-match-indian-premier-league-2025, Location=MA Chidambaram Stadium, Chennai, Date=2025-03-23
2025-04-30 15:00:37,453 - INFO - Extracted and stored match info: Link=https://www.cricbuzz.com/cricket-scores/114985/lsg-vs-dc-4th-match-indian-premier-league-2025, Location=Dr. Y.S. Rajasekhara Reddy ACA-VDCA Cricket Stadium, Visakhapatnam, Date=2025-03-24
2025-04-30 15:00:37,453 - INFO - Extracted and stored match info: Link=https://www.cricbuzz.com/cricket-scores/114987/pbks-vs-gt-5th-match-indian-premier-league-2025, Location=Narendra Modi Stadium, Ahmedabad, Date=2025-03-25
2025-04-30 15:00:37,453 - INFO - Extracted and stored match info: Link=https://www.cricbuzz.com/cricket-scores/114996/rr-vs-kkr-6th-match-indian-premier-league-2025, Location=Barsapara Cricket Stadium, Guwahati, Date=2025-03-26
2025-04-30 15:00:37,453 - INFO - Extracted and stored match info: Link=https://www.cricbuzz.com/cricket-scores/115005/srh-vs-lsg-7th-match-indian-premier-league-2025, Location=Rajiv Gandhi International Stadium, Hyderabad, Date=2025-03-27
2025-04-30 15:00:37,453 - INFO - Extracted and stored match info: Link=https://www.cricbuzz.com/cricket-scores/115012/rcb-vs-csk-8th-match-indian-premier-league-2025, Location=MA Chidambaram Stadium, Chennai, Date=2025-03-28
2025-04-30 15:00:37,453 - INFO - Extracted and stored match info: Link=https://www.cricbuzz.com/cricket-scores/115014/gt-vs-mi-9th-match-indian-premier-league-2025, Location=Narendra Modi Stadium, Ahmedabad, Date=2025-03-29
2025-04-30 15:00:37,453 - INFO - Extracted and stored match info: Link=https://www.cricbuzz.com/cricket-scores/115021/srh-vs-dc-10th-match-indian-premier-league-2025, Location=Dr. Y.S. Rajasekhara Reddy ACA-VDCA Cricket Stadium, Visakhapatnam, Date=2025-03-30
2025-04-30 15:00:37,453 - INFO - Extracted and stored match info: Link=https://www.cricbuzz.com/cricket-scores/115030/rr-vs-csk-11th-match-indian-premier-league-2025, Location=Barsapara Cricket Stadium, Guwahati, Date=2025-03-30
2025-04-30 15:00:37,453 - INFO - Extracted and stored match info: Link=https://www.cricbuzz.com/cricket-scores/115032/kkr-vs-mi-12th-match-indian-premier-league-2025, Location=Wankhede Stadium, Mumbai, Date=2025-03-31
2025-04-30 15:00:37,453 - INFO - Extracted and stored match info: Link=https://www.cricbuzz.com/cricket-scores/115039/lsg-vs-pbks-13th-match-indian-premier-league-2025, Location=Bharat Ratna Shri Atal Bihari Vajpayee Ekana Cricket Stadium, Lucknow, Date=2025-04-01
2025-04-30 15:00:37,453 - INFO - Extracted and stored match info: Link=https://www.cricbuzz.com/cricket-scores/115048/rcb-vs-gt-14th-match-indian-premier-league-2025, Location=M.Chinnaswamy Stadium, Bengaluru, Date=2025-04-02
2025-04-30 15:00:37,453 - INFO - Extracted and stored match info: Link=https://www.cricbuzz.com/cricket-scores/115050/kkr-vs-srh-15th-match-indian-premier-league-2025, Location=Eden Gardens, Kolkata, Date=2025-04-03
2025-04-30 15:00:37,454 - INFO - Extracted and stored match info: Link=https://www.cricbuzz.com/cricket-scores/115059/lsg-vs-mi-16th-match-indian-premier-league-2025, Location=Bharat Ratna Shri Atal Bihari Vajpayee Ekana Cricket Stadium, Lucknow, Date=2025-04-04
2025-04-30 15:00:37,454 - INFO - Extracted and stored match info: Link=https://www.cricbuzz.com/cricket-scores/115068/dc-vs-csk-17th-match-indian-premier-league-2025, Location=MA Chidambaram Stadium, Chennai, Date=2025-04-05
2025-04-30 15:00:37,454 - INFO - Extracted and stored match info: Link=https://www.cricbuzz.com/cricket-scores/115075/rr-vs-pbks-18th-match-indian-premier-league-2025, Location=Maharaja Yadavindra Singh International Cricket Stadium, Mullanpur, Chandigarh, Date=2025-04-05
2025-04-30 15:00:37,454 - INFO - Extracted and stored match info: Link=https://www.cricbuzz.com/cricket-scores/115093/srh-vs-gt-19th-match-indian-premier-league-2025, Location=Rajiv Gandhi International Stadium, Hyderabad, Date=2025-04-06
2025-04-30 15:00:37,454 - INFO - Extracted and stored match info: Link=https://www.cricbuzz.com/cricket-scores/115095/rcb-vs-mi-20th-match-indian-premier-league-2025, Location=Wankhede Stadium, Mumbai, Date=2025-04-07
2025-04-30 15:00:37,454 - INFO - Extracted and stored match info: Link=https://www.cricbuzz.com/cricket-scores/115084/lsg-vs-kkr-21st-match-indian-premier-league-2025, Location=Eden Gardens, Kolkata, Date=2025-04-08
2025-04-30 15:00:37,454 - INFO - Extracted and stored match info: Link=https://www.cricbuzz.com/cricket-scores/115102/pbks-vs-csk-22nd-match-indian-premier-league-2025, Location=Maharaja Yadavindra Singh International Cricket Stadium, Mullanpur, Chandigarh, Date=2025-04-08
2025-04-30 15:00:37,454 - INFO - Extracted and stored match info: Link=https://www.cricbuzz.com/cricket-scores/115104/gt-vs-rr-23rd-match-indian-premier-league-2025, Location=Narendra Modi Stadium, Ahmedabad, Date=2025-04-09
2025-04-30 15:00:37,454 - INFO - Extracted and stored match info: Link=https://www.cricbuzz.com/cricket-scores/115111/rcb-vs-dc-24th-match-indian-premier-league-2025, Location=M.Chinnaswamy Stadium, Bengaluru, Date=2025-04-10
2025-04-30 15:00:37,454 - INFO - Extracted and stored match info: Link=https://www.cricbuzz.com/cricket-scores/115113/csk-vs-kkr-25th-match-indian-premier-league-2025, Location=MA Chidambaram Stadium, Chennai, Date=2025-04-11
2025-04-30 15:00:37,454 - INFO - Extracted and stored match info: Link=https://www.cricbuzz.com/cricket-scores/115122/gt-vs-lsg-26th-match-indian-premier-league-2025, Location=Bharat Ratna Shri Atal Bihari Vajpayee Ekana Cricket Stadium, Lucknow, Date=2025-04-12
2025-04-30 15:00:37,454 - INFO - Extracted and stored match info: Link=https://www.cricbuzz.com/cricket-scores/115129/pbks-vs-srh-27th-match-indian-premier-league-2025, Location=Rajiv Gandhi International Stadium, Hyderabad, Date=2025-04-12
2025-04-30 15:00:37,455 - INFO - Extracted and stored match info: Link=https://www.cricbuzz.com/cricket-scores/115138/rr-vs-rcb-28th-match-indian-premier-league-2025, Location=Sawai Mansingh Stadium, Jaipur, Date=2025-04-13
2025-04-30 15:00:37,455 - INFO - Extracted and stored match info: Link=https://www.cricbuzz.com/cricket-scores/115140/mi-vs-dc-29th-match-indian-premier-league-2025, Location=Arun Jaitley Stadium, Delhi, Date=2025-04-13
2025-04-30 15:00:37,455 - INFO - Extracted and stored match info: Link=https://www.cricbuzz.com/cricket-scores/115149/lsg-vs-csk-30th-match-indian-premier-league-2025, Location=Bharat Ratna Shri Atal Bihari Vajpayee Ekana Cricket Stadium, Lucknow, Date=2025-04-14
2025-04-30 15:00:37,455 - INFO - Extracted and stored match info: Link=https://www.cricbuzz.com/cricket-scores/115156/pbks-vs-kkr-31st-match-indian-premier-league-2025, Location=Maharaja Yadavindra Singh International Cricket Stadium, Mullanpur, Chandigarh, Date=2025-04-15
2025-04-30 15:00:37,455 - INFO - Extracted and stored match info: Link=https://www.cricbuzz.com/cricket-scores/115165/dc-vs-rr-32nd-match-indian-premier-league-2025, Location=Arun Jaitley Stadium, Delhi, Date=2025-04-16
2025-04-30 15:00:37,455 - INFO - Extracted and stored match info: Link=https://www.cricbuzz.com/cricket-scores/115167/srh-vs-mi-33rd-match-indian-premier-league-2025, Location=Wankhede Stadium, Mumbai, Date=2025-04-17
2025-04-30 15:00:37,455 - INFO - Extracted and stored match info: Link=https://www.cricbuzz.com/cricket-scores/115174/rcb-vs-pbks-34th-match-indian-premier-league-2025, Location=M.Chinnaswamy Stadium, Bengaluru, Date=2025-04-18
2025-04-30 15:00:37,455 - INFO - Extracted and stored match info: Link=https://www.cricbuzz.com/cricket-scores/115176/dc-vs-gt-35th-match-indian-premier-league-2025, Location=Narendra Modi Stadium, Ahmedabad, Date=2025-04-19
2025-04-30 15:00:37,455 - INFO - Extracted and stored match info: Link=https://www.cricbuzz.com/cricket-scores/115183/lsg-vs-rr-36th-match-indian-premier-league-2025, Location=Sawai Mansingh Stadium, Jaipur, Date=2025-04-19
2025-04-30 15:00:37,455 - INFO - Extracted and stored match info: Link=https://www.cricbuzz.com/cricket-scores/115192/pbks-vs-rcb-37th-match-indian-premier-league-2025, Location=Maharaja Yadavindra Singh International Cricket Stadium, Mullanpur, Chandigarh, Date=2025-04-20
2025-04-30 15:00:37,455 - INFO - Extracted and stored match info: Link=https://www.cricbuzz.com/cricket-scores/115201/csk-vs-mi-38th-match-indian-premier-league-2025, Location=Wankhede Stadium, Mumbai, Date=2025-04-20
2025-04-30 15:00:37,455 - INFO - Extracted and stored match info: Link=https://www.cricbuzz.com/cricket-scores/115210/gt-vs-kkr-39th-match-indian-premier-league-2025, Location=Eden Gardens, Kolkata, Date=2025-04-21
2025-04-30 15:00:37,456 - INFO - Extracted and stored match info: Link=https://www.cricbuzz.com/cricket-scores/115212/lsg-vs-dc-40th-match-indian-premier-league-2025, Location=Bharat Ratna Shri Atal Bihari Vajpayee Ekana Cricket Stadium, Lucknow, Date=2025-04-22
2025-04-30 15:00:37,456 - INFO - Extracted and stored match info: Link=https://www.cricbuzz.com/cricket-scores/115221/srh-vs-mi-41st-match-indian-premier-league-2025, Location=Rajiv Gandhi International Stadium, Hyderabad, Date=2025-04-23
2025-04-30 15:00:37,456 - INFO - Extracted and stored match info: Link=https://www.cricbuzz.com/cricket-scores/115230/rcb-vs-rr-42nd-match-indian-premier-league-2025, Location=M.Chinnaswamy Stadium, Bengaluru, Date=2025-04-24
2025-04-30 15:00:37,456 - INFO - Extracted and stored match info: Link=https://www.cricbuzz.com/live-cricket-scores/115239/csk-vs-srh-43rd-match-indian-premier-league-2025, Location=MA Chidambaram Stadium, Chennai, Date=2025-04-25
2025-04-30 15:00:37,456 - INFO - Extracted and stored match info: Link=https://www.cricbuzz.com/live-cricket-scores/115248/pbks-vs-kkr-44th-match-indian-premier-league-2025, Location=Eden Gardens, Kolkata, Date=2025-04-26
2025-04-30 15:00:37,456 - INFO - Extracted and stored match info: Link=https://www.cricbuzz.com/live-cricket-scores/115255/mi-vs-lsg-45th-match-indian-premier-league-2025, Location=Wankhede Stadium, Mumbai, Date=2025-04-27
2025-04-30 15:00:37,456 - INFO - Extracted and stored match info: Link=https://www.cricbuzz.com/live-cricket-scores/115257/dc-vs-rcb-46th-match-indian-premier-league-2025, Location=Arun Jaitley Stadium, Delhi, Date=2025-04-27
2025-04-30 15:00:37,456 - INFO - Extracted and stored match info: Link=https://www.cricbuzz.com/live-cricket-scores/115266/gt-vs-rr-47th-match-indian-premier-league-2025, Location=Sawai Mansingh Stadium, Jaipur, Date=2025-04-28
2025-04-30 15:00:37,456 - INFO - Extracted and stored match info: Link=https://www.cricbuzz.com/live-cricket-scores/115275/kkr-vs-dc-48th-match-indian-premier-league-2025, Location=Arun Jaitley Stadium, Delhi, Date=2025-04-29
2025-04-30 15:00:37,456 - INFO - Extracted and stored match info: Link=https://www.cricbuzz.com/live-cricket-scores/115282/csk-vs-pbks-49th-match-indian-premier-league-2025, Location=MA Chidambaram Stadium, Chennai, Date=2025-04-30
2025-04-30 15:00:37,456 - INFO - Extracted and stored match info: Link=https://www.cricbuzz.com/live-cricket-scores/115291/rr-vs-mi-50th-match-indian-premier-league-2025, Location=Sawai Mansingh Stadium, Jaipur, Date=2025-05-01
2025-04-30 15:00:37,456 - INFO - Extracted and stored match info: Link=https://www.cricbuzz.com/live-cricket-scores/115300/gt-vs-srh-51st-match-indian-premier-league-2025, Location=Narendra Modi Stadium, Ahmedabad, Date=2025-05-02
2025-04-30 15:00:37,456 - INFO - Extracted and stored match info: Link=https://www.cricbuzz.com/live-cricket-scores/115302/rcb-vs-csk-52nd-match-indian-premier-league-2025, Location=M.Chinnaswamy Stadium, Bengaluru, Date=2025-05-03
2025-04-30 15:00:37,457 - INFO - Extracted and stored match info: Link=https://www.cricbuzz.com/live-cricket-scores/115309/kkr-vs-rr-53rd-match-indian-premier-league-2025, Location=Eden Gardens, Kolkata, Date=2025-05-04
2025-04-30 15:00:37,457 - INFO - Extracted and stored match info: Link=https://www.cricbuzz.com/live-cricket-scores/115318/pbks-vs-lsg-54th-match-indian-premier-league-2025, Location=Himachal Pradesh Cricket Association Stadium, Dharamsala, Date=2025-05-04
2025-04-30 15:00:37,457 - INFO - Extracted and stored match info: Link=https://www.cricbuzz.com/live-cricket-scores/115327/srh-vs-dc-55th-match-indian-premier-league-2025, Location=Rajiv Gandhi International Stadium, Hyderabad, Date=2025-05-05
2025-04-30 15:00:37,457 - INFO - Extracted and stored match info: Link=https://www.cricbuzz.com/live-cricket-scores/115336/mi-vs-gt-56th-match-indian-premier-league-2025, Location=Wankhede Stadium, Mumbai, Date=2025-05-06
2025-04-30 15:00:37,457 - INFO - Extracted and stored match info: Link=https://www.cricbuzz.com/live-cricket-scores/115345/kkr-vs-csk-57th-match-indian-premier-league-2025, Location=Eden Gardens, Kolkata, Date=2025-05-07
2025-04-30 15:00:37,457 - INFO - Extracted and stored match info: Link=https://www.cricbuzz.com/live-cricket-scores/115347/pbks-vs-dc-58th-match-indian-premier-league-2025, Location=Himachal Pradesh Cricket Association Stadium, Dharamsala, Date=2025-05-08
2025-04-30 15:00:37,457 - INFO - Extracted and stored match info: Link=https://www.cricbuzz.com/live-cricket-scores/115354/lsg-vs-rcb-59th-match-indian-premier-league-2025, Location=Bharat Ratna Shri Atal Bihari Vajpayee Ekana Cricket Stadium, Lucknow, Date=2025-05-09
2025-04-30 15:00:37,457 - INFO - Extracted and stored match info: Link=https://www.cricbuzz.com/live-cricket-scores/115356/srh-vs-kkr-60th-match-indian-premier-league-2025, Location=Rajiv Gandhi International Stadium, Hyderabad, Date=2025-05-10
2025-04-30 15:00:37,457 - INFO - Extracted and stored match info: Link=https://www.cricbuzz.com/live-cricket-scores/115365/pbks-vs-mi-61st-match-indian-premier-league-2025, Location=Himachal Pradesh Cricket Association Stadium, Dharamsala, Date=2025-05-11
2025-04-30 15:00:37,457 - INFO - Extracted and stored match info: Link=https://www.cricbuzz.com/live-cricket-scores/115372/dc-vs-gt-62nd-match-indian-premier-league-2025, Location=Arun Jaitley Stadium, Delhi, Date=2025-05-11
2025-04-30 15:00:37,457 - INFO - Extracted and stored match info: Link=https://www.cricbuzz.com/live-cricket-scores/115381/csk-vs-rr-63rd-match-indian-premier-league-2025, Location=MA Chidambaram Stadium, Chennai, Date=2025-05-12
2025-04-30 15:00:37,457 - INFO - Extracted and stored match info: Link=https://www.cricbuzz.com/live-cricket-scores/115390/rcb-vs-srh-64th-match-indian-premier-league-2025, Location=M.Chinnaswamy Stadium, Bengaluru, Date=2025-05-13
2025-04-30 15:00:37,458 - INFO - Extracted and stored match info: Link=https://www.cricbuzz.com/live-cricket-scores/115392/gt-vs-lsg-65th-match-indian-premier-league-2025, Location=Narendra Modi Stadium, Ahmedabad, Date=2025-05-14
2025-04-30 15:00:37,458 - INFO - Extracted and stored match info: Link=https://www.cricbuzz.com/live-cricket-scores/115401/mi-vs-dc-66th-match-indian-premier-league-2025, Location=Wankhede Stadium, Mumbai, Date=2025-05-15
2025-04-30 15:00:37,458 - INFO - Extracted and stored match info: Link=https://www.cricbuzz.com/live-cricket-scores/115410/rr-vs-pbks-67th-match-indian-premier-league-2025, Location=Sawai Mansingh Stadium, Jaipur, Date=2025-05-16
2025-04-30 15:00:37,458 - INFO - Extracted and stored match info: Link=https://www.cricbuzz.com/live-cricket-scores/115417/rcb-vs-kkr-68th-match-indian-premier-league-2025, Location=M.Chinnaswamy Stadium, Bengaluru, Date=2025-05-17
2025-04-30 15:00:37,458 - INFO - Extracted and stored match info: Link=https://www.cricbuzz.com/live-cricket-scores/115426/gt-vs-csk-69th-match-indian-premier-league-2025, Location=Narendra Modi Stadium, Ahmedabad, Date=2025-05-18
2025-04-30 15:00:37,458 - INFO - Extracted and stored match info: Link=https://www.cricbuzz.com/live-cricket-scores/115435/lsg-vs-srh-70th-match-indian-premier-league-2025, Location=Bharat Ratna Shri Atal Bihari Vajpayee Ekana Cricket Stadium, Lucknow, Date=2025-05-18
2025-04-30 15:00:37,458 - INFO - Successfully processed 70 matches.
2025-04-30 15:00:37,494 - INFO - Saving match info to CSV file: cricbuzz_matches.csv
2025-04-30 15:00:37,495 - INFO - Successfully saved match info to cricbuzz_matches.csv
